D:\Antigravity\Test\NotiFlow\Views\Pages\CustomPage.xaml(18,26): error MC3074: XML 命名空间“http://schemas.lepo.co/wpfui/2022/xaml”中不存在标记“Button.Flyout”。 行 18 位置 26. [D:\Antigravity\Test\NotiFlow\NotiFlow.csproj]

生成失败。

D:\Antigravity\Test\NotiFlow\Views\Pages\CustomPage.xaml(18,26): error MC3074: XML 命名空间“http://schemas.lepo.co/wpfui/2022/xaml”中不存在标记“Button.Flyout”。 行 18 位置 26. [D:\Antigravity\Test\NotiFlow\NotiFlow.csproj]
    0 个警告
    1 个错误

已用时间 00:00:00.96
